2026-06-14 18:45:34,552 [INFO] =================================================================
2026-06-14 18:45:34,553 [INFO] NQ RADAR CUANTITATIVO v8.0-unificado - 2026-06-14 18:45:34
2026-06-14 18:45:34,553 [INFO] =================================================================
2026-06-14 18:45:34,553 [INFO]   CSV local: ACTIVADO (capa autoritativa)
2026-06-14 18:45:34,553 [INFO]   Carpeta DATOS_CSV: C:\Users\m21lo\PROYECTO_NASDAQ_UNIFICADO\DATOS_CSV
2026-06-14 18:45:35,957 [ERROR] $QQQ: possibly delisted; no price data found  (1d 2026-06-14 -> 2026-06-15)
2026-06-14 18:45:35,986 [ERROR] 
1 Failed download:
2026-06-14 18:45:35,988 [ERROR] ['QQQ']: possibly delisted; no price data found  (1d 2026-06-14 -> 2026-06-15)
2026-06-14 18:45:36,002 [INFO] Mercado cerrado hoy - abortando sin modificar archivos.
2026-06-14 18:46:34,977 [INFO] =================================================================
2026-06-14 18:46:34,978 [INFO] NQ RADAR CUANTITATIVO v8.0-unificado - 2026-06-14 18:46:34
2026-06-14 18:46:34,978 [INFO] =================================================================
2026-06-14 18:46:34,978 [INFO]   CSV local: ACTIVADO (capa autoritativa)
2026-06-14 18:46:34,978 [INFO]   Carpeta DATOS_CSV: C:\Users\m21lo\PROYECTO_NASDAQ_UNIFICADO\DATOS_CSV
2026-06-14 18:46:35,843 [ERROR] $QQQ: possibly delisted; no price data found  (1d 2026-06-14 -> 2026-06-15)
2026-06-14 18:46:35,856 [ERROR] 
1 Failed download:
2026-06-14 18:46:35,862 [ERROR] ['QQQ']: possibly delisted; no price data found  (1d 2026-06-14 -> 2026-06-15)
2026-06-14 18:46:35,873 [INFO] Mercado cerrado hoy - abortando sin modificar archivos.
